// Jest Snapshot v1, https://goo.gl/fbAQLP

exports[`a large clustal 1`] = `
Object {
  "consensus": undefined,
  "header": "CLUSTAL O(1.2.1) multiple sequence alignment",
  "ids": Array [
    "sp|Q29537|P53_CANFA",
    "sp|P67938|P53_BOSIN",
    "sp|P67939|P53_BOVIN",
    "sp|P10360|P53_CHICK",
    "sp|Q9WUR6|P53_CAVPO",
    "sp|P13481|P53_CHLAE",
    "sp|O09185|P53_CRIGR",
    "sp|P79734|P53_DANRE",
    "sp|Q8SPZ3|P53_DELLE",
    "sp|Q29480|P53_EQUAS",
    "sp|P41685|P53_FELCA",
    "sp|P79892|P53_HORSE",
    "sp|P04637|P53_HUMAN",
    "sp|O93379|P53_ICTPU",
    "sp|P56423|P53_MACFA",
    "sp|P61260|P53_MACFU",
    "sp|P56424|P53_MACMU",
    "sp|O36006|P53_MARMO",
    "sp|Q00366|P53_MESAU",
    "sp|P02340|P53_MOUSE",
    "sp|P25035|P53_ONCMY",
    "sp|P79820|P53_ORYLA",
    "sp|O12946|P53_PLAFE",
    "sp|Q9TUB2|P53_PIG",
    "sp|Q95330|P53_RABIT",
    "sp|P10361|P53_RAT",
    "sp|P51664|P53_SHEEP",
    "sp|Q9W679|P53_TETMU",
    "sp|Q64662|P53_SPEBE",
    "sp|Q9TTA1|P53_TUPBE",
    "sp|P07193|P53_XENLA",
    "sp|Q92143|P53_XIPMA",
    "sp|O57538|P53_XIPHE",
  ],
  "seqs": Array [
    "MEESQSELNIDP-PLSQETFSELWNLLPENNVLSSELC-PAV-DE-LLLPESVVNWLDE-",
    "MEESQAELNVEP-PLSQETFSDLWNLLPENNLLSSELS-AP-VDDLLPYT-DVATWLDE-",
    "MEESQAELNVEP-PLSQETFSDLWNLLPENNLLSSELS-AP-VDDLLPYT-DVATWLDE-",
    "MAE-----EMEPLLEPTEVFMDLWSMLPY-------------SMQQLPLPEDHSNWQELS",
    "MEEPHSDLSIEP-PLSQETFSDLWKLLPENNVLSDSLS-PPM-DHLLLSPEEVASWLGEN",
    "MEEPQSDPSIEP-PLSQETFSDLWKLLPENNVLSPLPS-QA-VDDLMLSPDDLAQWLTED",
    "MEEPQSDLSIEL-PLSQETFSDLWKLLPPNNVLSTLPS-SDSIEE-LFLSENVTGWLEDS",
    "-----------MAQNDSQEFAELWEKNL----IIQPP-------------GGGSCWDIIN",
    "MEESQAELGVEP-PLSQETFSDLWKLLPENNLLSSELS-PA-VDDLLLSPEDVANWLDE-",
    "------------------------------------------------------------",
    "MQEPPLELTIEP-PLSQETFSELWNLLPENNVLSSELS-SAM--NELPLSEDVANWLDE-",
    "---------------------------------------PAV-NN-LLLSPDVVNWLDE-",
    "MEEPQSDPSVEP-PLSQETFSDLWKLLPENNVLSPLPS-QA-MDDLMLSPDDIEQWFTED",
    "MEGNGERDTMMVEPPDSQEFAELWLRN--------------------LIVRDNSLWGKEE",
    "MEEPQSDPSIEP-PLSQETFSDLWKLLPENNVLSPLPS-QA-VDDLMLSPDDLAQWLTED",
    "MEEPQSDPSIEP-PLSQETFSDLWKLLPENNVLSPLPS-QA-VDDLMLSPDDLAQWLTED",
    "MEEPQSDPSIEP-PLSQETFSDLWKLLPENNVLSPLPS-QA-VDDLMLSPDDLAQWLTED",
    "MEEAQSDLSIEP-PLSQETFSDLWNLLPENNVLSPVLS-PPM-DDLLLSSEDVENWFDK-",
    "MEEPQSDLSIEL-PLSQETFSDLWKLLPPNNVLSTLPS-SDSIEE-LFLSENVAGWLEDP",
    "MEESQSDISLEL-PLSQETFSGLWKLLPPEDILPS-----PHCMDDLLLPQDVEEFFEG-",
    "MADLAEN---VSLPLSQESFEDLWKMNLNLVAV---------------QPPETESWVGYD",
    "------MDPVPDLPESQGSFQELWETVSYPPLETL---------SLPTVNEPTGSWVATG",
    "MMDEQGLDGMQILPGSQDSFSELWASVQTPSIATI---------AEEF------------",
    "MEESQSELGVEP-PLSQETFSDLWKLLPENNLLSSELS-LAAVNDLLLSP--VTNWLDE-",
    "MEESQSDLSLEP-PLSQETFSDLWKLLPENNLLTTSLN-PPV--DDLLSAEDVANWLNE-",
    "MEDSQSDMSIEL-PLSQETFSCLWKLLPPDDILPTTATGSPNSMEDLFLPQDVAELLEG-",
    "MEESQAELGVEP-PLSQETFSDLWNLLPENNLLSSELS-AP-VDDLLPYSEDVVTWLDE-",
    "-ME----EENISLPLSQDTFQDLWDNVSAPPISTI---------QTAAL--ENEAWPAER",
    "---------------------DLWNLLPENNVLSPVLS-PPM-DDLLLSSEDVENWFDK-",
    "MEEPQSDPSVEP-PLSQETFSDLWKLLPENNVLSPLPS-QA-MDDLMLSPDDIEQWFTED",
    "-MEPSSETGMDP-PLSQETFEDLWSLLPDPLQTVTCR------------LDNLSEFPDY-",
    "-ME----EADLTLPLSQDTFHDLWNNVFLSTEN--------------------ESLPPPE",
    "-ME----EADLTLPLSQDTFHDLWNNVFLSTEN--------------------ESLAPPE",
  ],
  "version": "1.2.1",
}
`;

exports[`a smaller clustal 1`] = `
Object {
  "consensus": "* *:  ::: : : *.*:. :.   *:*:***:* .:* :********:  ****::.**",
  "header": "CLUSTAL O(1.2.4) multiple sequence alignment",
  "ids": Array [
    "sp|P01942|HBA_MOUSE",
    "sp|P13786|HBAZ_CAPHI",
  ],
  "seqs": Array [
    "MVLSGEDKSNIKAAWGKIGGHGAEYGAEALERMFASFPTTKTYFPHFDVSHGSAQVKGHG",
    "MSLTRTERTIILSLWSKISTQADVIGTETLERLFSCYPQAKTYFPHFDLHSGSAQLRAHG",
  ],
  "version": "1.2.4",
}
`;
