// Jest Snapshot v1, https://goo.gl/fbAQLP

exports[`a large clustal 1`] = `
Object {
  "alns": Array [
    Object {
      "id": "sp|Q9W678|P53_BARBU",
      "seq": "-------------MAESQEFAELWERNL----IST-Q-------------EAGTCWELIN---D-EY-------LPSSFDPNIFD-------NVLTEQPQPSTSPPTASVPVATDYPGEHGFKLGFPQSGTAKSVTCTYSSDLNKLFCQLAKTCPVQMVVNVAPPQGSVIRATAIYKKSEHVAEVVRRCPHHERTPD-GDGLAPAAHLIRVEGNSRALYREDDVNSRHSVVVPYEVPQLGSEFTTVLYNFMCNSSCMGGMNRRPILTIISLETHDGQLLGRRSFEVRVCACPGRDRKTEESNFRKDQETKTLDKI--PSANKRSLTK-DSTSSVPRPEGSK-KAKLSGSSDEEIYTLQVRGKERYEMLKKINDSLELSDVVPPSEMDRYRQKLLTK--GKKKDGQTPEPKRGKKLMVKDEKSDSD-",
    },
    Object {
      "id": "sp|Q29537|P53_CANFA",
      "seq": "MEESQSELNIDP-PLSQETFSELWNLLPENNVLSSELC-PAV-DE-LLLPESVVNWLDE--DSDDAP---RMPATSA-----P------------TAPGPAPSWPLSSSVPSPKTYPGTYGFRLGFLHSGTAKSVTWTYSPLLNKLFCQLAKTCPVQLWVSSPPPPNTCVRAMAIYKKSEFVTEVVRRCPHHERCSDSSDGLAPPQHLIRVEGNLRAKYLDDRNTFRHSVVVPYEPPEVGSDYTTIHYNYMCNSSCMGGMNRRPILTIITLEDSSGNVLGRNSFEVRVCACPGRDRRTEEENFHKKGEPCPEPP---PGSTKRALPP--STS--SSPP-QK-----KKPLDGEYFTLQIRGRERYEMFRNLNEALELKDAQSGKEPGGSRAHSSHL-----KAKKGQSTSRHKKLMFKREGLDSD-",
    },
    Object {
      "id": "sp|P67938|P53_BOSIN",
      "seq": "MEESQAELNVEP-PLSQETFSDLWNLLPENNLLSSELS-AP-VDDLLPYT-DVATWLDE--CPNEAP---QMPEPSAPAAPPP------------ATPAPATSWPLSSFVPSQKTYPGNYGFRLGFLQSGTAKSVTCTYSPSLNKLFCQLAKTCPVQLWVDSPPPPGTRVRAMAIYKKLEHMTEVVRRCPHHERSSDYSDGLAPPQHLIRVEGNLRAEYLDDRNTFRHSVVVPYESPEIDSECTTIHYNFMCNSSCMGGMNRRPILTIITLEDSCGNLLGRNSFEVRVCACPGRDRRTEEENLRKKGQSCPEPP---PRSTKRALPT--NTS--SSPQ-PK-----KKPLDGEYFTLQIRGFKRYEMFRELNDALELKDALDGREPGESRAHSSHL-----KSKKRPSPSCHKKPMLKREGPDSD-",
    },
    Object {
      "id": "sp|P67939|P53_BOVIN",
      "seq": "MEESQAELNVEP-PLSQETFSDLWNLLPENNLLSSELS-AP-VDDLLPYT-DVATWLDE--CPNEAP---QMPEPSAPAAPPP------------ATPAPATSWPLSSFVPSQKTYPGNYGFRLGFLQSGTAKSVTCTYSPSLNKLFCQLAKTCPVQLWVDSPPPPGTRVRAMAIYKKLEHMTEVVRRCPHHERSSDYSDGLAPPQHLIRVEGNLRAEYLDDRNTFRHSVVVPYESPEIDSECTTIHYNFMCNSSCMGGMNRRPILTIITLEDSCGNLLGRNSFEVRVCACPGRDRRTEEENLRKKGQSCPEPP---PRSTKRALPT--NTS--SSPQ-PK-----KKPLDGEYFTLQIRGFKRYEMFRELNDALELKDALDGREPGESRAHSSHL-----KSKKRPSPSCHKKPMLKREGPDSD-",
    },
    Object {
      "id": "sp|P10360|P53_CHICK",
      "seq": "MAE-----EMEPLLEPTEVFMDLWSMLPY-------------SMQQLPLPEDHSNWQELSPLEPSDP---PPPPPPPPLPLAAAA-------PPPLNPPTPPRAAPSPVVPSTEDYGGDFDFRVGFVEAGTAKSVTCTYSPVLNKVYCRLAKPCPVQVRVGVAPPPGSSLRAVAVYKKSEHVAEVVRRCPHHERCGGGTDGLAPAQHLIRVEGNPQARYHDDETTKRHSVVVPYEPPEVGSDCTTVLYNFMCNSSCMGGMNRRPILTILTLEGPGGQLLGRRCFEVRVCACPGRDRKIEEENFRKRGGAG--------GVAKRAMSP--PTEA-PEPPKKR-----VLNPDNEIFYLQVRGRRRYEMLKEINEALQLAEGGSAPRPSKGRR----------VKVEGPQPSCGKKLLQKGSD-----",
    },
    Object {
      "id": "sp|Q9WUR6|P53_CAVPO",
      "seq": "MEEPHSDLSIEP-PLSQETFSDLWKLLPENNVLSDSLS-PPM-DHLLLSPEEVASWLGENP--DGDG---HVSAAPVSEAPTSAG-------PALVAPAPATSWPLSSSVPSHKPYRGSYGFEVHFLKSGTAKSVTCTYSPGLNKLFCQLAKTCPVQVWVESPPPPGTRVRALAIYKKSQHMTEVVRRCPHHERCSD-SDGLAPPQHLIRVEGNLHAEYVDDRTTFRHSVVVPYEPPEVGSDCTTIHYNYMCNSSCMGGMNRRPILTIITLEDSSGKLLGRDSFEVRVCACPGRDRRTEEENFRKKGGLCPEPT---PGNIKRALPT--STS--SSPQ-PK-----KKPLDAEYFTLKIRGRKNFEILREINEALEFKDAQTEKEPGESRPHSSYP-----KSKKGQSTSCHKKLMFKREGLDSD-",
    },
    Object {
      "id": "sp|P13481|P53_CHLAE",
      "seq": "MEEPQSDPSIEP-PLSQETFSDLWKLLPENNVLSPLPS-QA-VDDLMLSPDDLAQWLTEDPGPDEAP---RMSEAAPHMAPTPAA-------PTPAAPAPAPSWPLSSSVPSQKTYHGSYGFRLGFLHSGTAKSVTCTYSPDLNKMFCQLAKTCPVQLWVDSTPPPGSRVRAMAIYKQSQHMTEVVRRCPHHERCSD-SDGLAPPQHLIRVEGNLRVEYSDDRNTFRHSVVVPYEPPEVGSDCTTIHYNYMCNSSCMGGMNRRPILTIITLEDSSGNLLGRNSFEVRVCACPGRDRRTEEENFRKKGEPCHELP---PGSTKRALPN--NTS--SSPQ-PK-----KKPLDGEYFTLQIRGRERFEMFRELNEALELKDAQAGKEPAGSRAHSSHL-----KSKKGQSTSRHKKFMFKTEGPDSD-",
    },
    Object {
      "id": "sp|O09185|P53_CRIGR",
      "seq": "MEEPQSDLSIEL-PLSQETFSDLWKLLPPNNVLSTLPS-SDSIEE-LFLSENVTGWLEDSGGALQGVAAAA---ASTAEDPVTET-------PAPVASAPATPWPLSSSVPSYKTYQGDYGFRLGFLHSGTAKSVTCTYSPSLNKLFCQLAKTCPVQLWVNSTPPPGTRVRAMAIYKKLQYMTEVVRRCPHHERSSE-GDSLAPPQHLIRVEGNLHAEYLDDKQTFRHSVVVPYEPPEVGSDCTTIHYNYMCNSSCMGGMNRRPILTIITLEDPSGNLLGRNSFEVRICACPGRDRRTEEKNFQKKGEPCPELP---PKSAKRALPT--NTS--SSPP-PK-----KKTLDGEYFTLKIRGHERFKMFQELNEALELKDAQASKGSEDNGAHSSYL-----KSKKGQSASRLKKLMIKREGPDSD-",
    },
    Object {
      "id": "sp|P79734|P53_DANRE",
      "seq": "-----------MAQNDSQEFAELWEKNL----IIQPP-------------GGGSCWDIIN---DEEY-------LPGSFDPNFFE-------NVLEEQPQPSTLPPTSTVPETSDYPGDHGFRLRFPQSGTAKSVTCTYSPDLNKLFCQLAKTCPVQMVVDVAPPQGSVVRATAIYKKSEHVAEVVRRCPHHERTPD-GDNLAPAGHLIRVEGNQRANYREDNITLRHSVFVPYEAPQLGAEWTTVLLNYMCNSSCMGGMNRRPILTIITLETQEGQLLGRRSFEVRVCACPGRDRKTEESNFKKDQETKTMAKT--TTGTKRSLVK-ESSSATLRPEGSK-KAKG-SSSDEEIFTLQVRGRERYEILKKLNDSLELSDVVPASDAEKYRQKFMTK--NKKENRESSEPKQGKKLMVKDEGRSDSD",
    },
    Object {
      "id": "sp|Q8SPZ3|P53_DELLE",
      "seq": "MEESQAELGVEP-PLSQETFSDLWKLLPENNLLSSELS-PA-VDDLLLSPEDVANWLDE--RPDEAP---QMPEPPAPAAPTP------------AAPAPATSWPLSSFVPSQKTYPGSYGFHLGFLHSGTAKSVTCTYSPALNKLFCQLAKTCPVQLWVSSPPPPGTRVRAMAIYKKSEYMTEVVRRCPHHERCSDYSDGLAPPQHLIRVEGNLRAEYLDDRNTFRHSVVVPYEPPEVGSDCTTIHYNFMCNSSCMGGMNRRPILTIITLEDSNGNLLGRNSFEVRVCACPGRDRRTEEENFHKKGQSCPELP---TGSAKRALPT--GTS--SSPP-QK-----KKPLDGEYFTLQIRGRERFEMFRELNEALELKDAQAGKEPGESRAHSSHL-----KSKKGQSPSRHKKLMFKREGPDSD-",
    },
    Object {
      "id": "sp|Q29480|P53_EQUAS",
      "seq": "------------------------------------------------------------------------------------------------------------------------------------------YSPALNKMFCQLAKTCPVYLRISSPPPPGTRVRAMAIYKKSEFMTEVVRRCPHHERCSDSSDGLAPPQHLIRVEGNLRAEYLDDRNTLRHSVVVPYEPPEVGSDCTTIHYNFMCNSSCMGGMNRRPILTIITLEDSSGNLLGRNSFEVRVCACPGRDRRTEEENFRKKEEPCPEPP---PRSTKRVLSS--NTS--SSPP-QK-----EDPLDGEYFTLH--------------------------------------------------------------------",
    },
    Object {
      "id": "sp|P41685|P53_FELCA",
      "seq": "MQEPPLELTIEP-PLSQETFSELWNLLPENNVLSSELS-SAM--NELPLSEDVANWLDE--APDDAS---GMSAVPAPAAPAP------------ATPAPAISWPLSSFVPSQKTYPGAYGFHLGFLQSGTAKSVTCTYSPPLNKLFCQLAKTCPVQLWVRSPPPPGTCVRAMAIYKKSEFMTEVVRRCPHHERCPDSSDGLAPPQHLIRVEGNLHAKYLDDRNTFRHSVVVPYEPPEVGSDCTTIHYNFMCNSSCMGGMNRRPIITIITLEDSNGKLLGRNSFEVRVCACPGRDRRTEEENFRKKGEPCPEPP---PGSTKRALPP--STS--STPP-QK-----KKPLDGEYFTLQIRGRERFEMFRELNEALELKDAQSGKEPGGSRAHSSHL-----KAKKGQSTSRHKKPMLKREGLDSD-",
    },
    Object {
      "id": "sp|P79892|P53_HORSE",
      "seq": "---------------------------------------PAV-NN-LLLSPDVVNWLDE--GPDEAP---RMPAAPA-----P------------LAPAPATSWPLSSFVPSQKTYPGCYGFRLGFLNSGTAKSVTCTYSPTLNKLFCQLAKTCPVQLLVSSPPPPGTRVRAMAIYKKSEFMTEVVRRCPHHERCSDSSDGLAPPQHLIRVEGNLRAEYLDDRNTFRHSVVVPYEPPEVGSDCTTIHYNFMCNSSCMGGMNRRPILTIITLEDSSGNLLGRNSFEVRVCACPGRDRRTEEENFRKKEEPCPEPP---PRSTKRVLSS--NTS--SSPP-QK-----KKPLDGEYFT----------------------------------------------------------------------",
    },
    Object {
      "id": "sp|P04637|P53_HUMAN",
      "seq": "MEEPQSDPSVEP-PLSQETFSDLWKLLPENNVLSPLPS-QA-MDDLMLSPDDIEQWFTEDPGPDEAP---RMPEAAPPVAPAPAA-------PTPAAPAPAPSWPLSSSVPSQKTYQGSYGFRLGFLHSGTAKSVTCTYSPALNKMFCQLAKTCPVQLWVDSTPPPGTRVRAMAIYKQSQHMTEVVRRCPHHERCSD-SDGLAPPQHLIRVEGNLRVEYLDDRNTFRHSVVVPYEPPEVGSDCTTIHYNYMCNSSCMGGMNRRPILTIITLEDSSGNLLGRNSFEVRVCACPGRDRRTEEENLRKKGEPHHELP---PGSTKRALPN--NTS--SSPQ-PK-----KKPLDGEYFTLQIRGRERFEMFRELNEALELKDAQAGKEPGGSRAHSSHL-----KSKKGQSTSRHKKLMFKTEGPDSD-",
    },
    Object {
      "id": "sp|O93379|P53_ICTPU",
      "seq": "MEGNGERDTMMVEPPDSQEFAELWLRN--------------------LIVRDNSLWGKEEEIPDDLQ---E---VPCD-----VL-------LSDMLQPQSSSSPPTSTVPVTSDYPGLLNFTLHFQESSGTKSVTCTYSPDLNKLFCQLAKTCPVLMAVSSSPPPGSVLRATAVYKRSEHVAEVVRRCPHHERSNDSSDGPAPPGHLLRVEGNSRAVYQEDGNTQAHSVVVPYEPPQVGSQSTTVLYNYMCNSSCMGGMNRRPILTIITLETQDGHLLGRRTFEVRVCACPGRDRKTEESNFKKQQEPKTSGK---T-LTKRSMKD--PPSHPEASKKSK-----NSSSDDEIYTLQVRGKERYEFLKKINDGLELSDVVPPADQEKYRQKLLSKTCRKERDGAAGEPKRGKKRLVKEEKCDSD-",
    },
    Object {
      "id": "sp|P56423|P53_MACFA",
      "seq": "MEEPQSDPSIEP-PLSQETFSDLWKLLPENNVLSPLPS-QA-VDDLMLSPDDLAQWLTEDPGPDEAP---RMSEAAPPMAPTPAA-------PTPAAPAPAPSWPLSSSVPSQKTYHGSYGFRLGFLHSGTAKSVTCTYSPDLNKMFCQLAKTCPVQLWVDSTPPPGSRVRAMAIYKQSQHMTEVVRRCPHHERCSD-SDGLAPPQHLIRVEGNLRVEYSDDRNTFRHSVVVPYEPPEVGSDCTTIHYNYMCNSSCMGGMNRRPILTIITLEDSSGNLLGRNSFEVRVCACPGRDRRTEEENFRKKGEPCHQLP---PGSTKRALPN--NTS--SSPQ-PK-----KKPLDGEYFTLQIRGRERFEMFRELNEALELKDAQAGKEPAGSRAHSSHL-----KSKKGQSTSRHKKFMFKTEGPDSD-",
    },
    Object {
      "id": "sp|P61260|P53_MACFU",
      "seq": "MEEPQSDPSIEP-PLSQETFSDLWKLLPENNVLSPLPS-QA-VDDLMLSPDDLAQWLTEDPGPDEAP---RMSEAAPPMAPTPAA-------PTPAAPAPAPSWPLSSSVPSQKTYHGSYGFRLGFLHSGTAKSVTCTYSPDLNKMFCQLAKTCPVQLWVDSTPPPGSRVRAMAIYKQSQHMTEVVRRCPHHERCSD-SDGLAPPQHLIRVEGNLRVEYSDDRNTFRHSVVVPYEPPEVGSDCTTIHYNYMCNSSCMGGMNRRPILTIITLEDSSGNLLGRNSFEVRVCACPGRDRRTEEENFRKKGEPCHQLP---PGSTKRALPN--NTS--SSPQ-PK-----KKPLDGEYFTLQIRGRERFEMFRELNEALELKDAQAGKEPAGSRAHSSHL-----KSKKGQSTSRHKKFMFKTEGPDSD-",
    },
    Object {
      "id": "sp|P56424|P53_MACMU",
      "seq": "MEEPQSDPSIEP-PLSQETFSDLWKLLPENNVLSPLPS-QA-VDDLMLSPDDLAQWLTEDPGPDEAP---RMSEAAPPMAPTPAA-------PTPAAPAPAPSWPLSSSVPSQKTYHGSYGFRLGFLHSGTAKSVTCTYSPDLNKMFCQLAKTCPVQLWVDSTPPPGSRVRAMAIYKQSQHMTEVVRRCPHHERCSD-SDGLAPPQHLIRVEGNLRVEYSDDRNTFRHSVVVPYEPPEVGSDCTTIHYNYMCNSSCMGGMNRRPILTIITLEDSSGNLLGRNSFEVRVCACPGRDRRTEEENFRKKGEPCHQLP---PGSTKRALPN--NTS--SSPQ-PK-----KKPLDGEYFTLQIRGRERFEMFRELNEALELKDAQAGKEPAGSRAHSSHL-----KSKKGQSTSRHKKFMFKTEGPDSD-",
    },
    Object {
      "id": "sp|O36006|P53_MARMO",
      "seq": "MEEAQSDLSIEP-PLSQETFSDLWNLLPENNVLSPVLS-PPM-DDLLLSSEDVENWFDK--GPDEAL---QMSAAPAPKAPTPAA-------STLAAPSPATSWPLSSSVPSQNTYPGVYGFRLGFLHSGTAKSVTCTYSPSLNKLFCQLAKTCPVQLWVDSTPPPGTRVRAMAIYKKSQHMTEVVRRCPHHERCSD-SDGLAPPQHLIRVEGNLRAEYLDDRNTFRHSVVVPYEPPEVGSECTTIHYNYMCNSSCMGGMNRRPILTIITLEGSSGNLLGRNSFEVRVCACPGRDRRTEEENFRKRGEPCPEPP---PRSTKRALPN--GTS--SSPQ-PK-----KKPLDGEYFTLKIRGRARFEMFQELNEALELKDAQAEKEPGESRPHPSYL-----KSKKGQSTSRHKKIIFKREGPDSD-",
    },
    Object {
      "id": "sp|Q00366|P53_MESAU",
      "seq": "MEEPQSDLSIEL-PLSQETFSDLWKLLPPNNVLSTLPS-SDSIEE-LFLSENVAGWLEDPGEALQGSAAAAAPAAPAAEDPVAET-------PAPVASAPATPWPLSSSVPSYKTYQGDYGFRLGFLHSGTAKSVTCTYSPSLNKLFCQLAKTCPVQLWVSSTPPPGTRVRAMAIYKKLQYMTEVVRRCPHHERSSE-GDGLAPPQHLIRVEGNMHAEYLDDKQTFRHSVVVPYEPPEVGSDCTTIHYNYMCNSSCMGGMNRRPILTIITLEDPSGNLLGRNSFEVRICACPGRDRRTEEKNFQKKGEPCPELP---PKSAKRALPT--NTS--SSPQ-PK-----RKTLDGEYFTLKIRGQERFKMFQELNEALELKDAQALKASEDSGAHSSYL-----KSKKGQSASRLKKLMIKREGPDSD-",
    },
    Object {
      "id": "sp|P02340|P53_MOUSE",
      "seq": "MEESQSDISLEL-PLSQETFSGLWKLLPPEDILPS-----PHCMDDLLLPQDVEEFFEG---PSEAL---RVSGAPAAQDPVTET-------PGPVAPAPATPWPLSSFVPSQKTYQGNYGFHLGFLQSGTAKSVMCTYSPPLNKLFCQLAKTCPVQLWVSATPPAGSRVRAMAIYKKSQHMTEVVRRCPHHERCSD-GDGLAPPQHLIRVEGNLYPEYLEDRQTFRHSVVVPYEPPEAGSEYTTIHYKYMCNSSCMGGMNRRPILTIITLEDSSGNLLGRDSFEVRVCACPGRDRRTEEENFRKKEVLCPELP---PGSAKRALPT--CTS--ASPP-QK-----KKPLDGEYFTLKIRGRKRFEMFRELNEALELKDAHATEESGDSRAHSSYL-----KTKKGQSTSRHKKTMVKKVGPDSD-",
    },
    Object {
      "id": "sp|P25035|P53_ONCMY",
      "seq": "MADLAEN---VSLPLSQESFEDLWKMNLNLVAV---------------QPPETESWVGYDNFMMEAP-------LQVEFDPSLFEVSATEPAPQPSISTLDTGSPPTSTVPTTSDYPGALGFQLRFLQSSTAKSVTCTYSPDLNKLFCQLAKTCPVQIVVDHPPPPGAVVRALAIYKKLSDVADVVRRCPHHQSTSENNEGPAPRGHLVRVEGNQRSEYMEDGNTLRHSVLVPYEPPQVGSECTTVLYNFMCNSSCMGGMNRRPILTIITLETQEGQLLGRRSFEVRVCACPGRDRKTEEINLKKQQETTLETKTKPAQGIKRAMKE-ASLPA-PQPGASKKTKSSPAVSDDEIYTLQIRGKEKYEMLKKFNDSLELSELVPVADADKYRQKCLTKRVA--KRDFGVGPKKRKKLLVKEEKSDSD-",
    },
    Object {
      "id": "sp|P79820|P53_ORYLA",
      "seq": "------MDPVPDLPESQGSFQELWETVSYPPLETL---------SLPTVNEPTGSWVATGDMF---L---LDQDLSGTFDDKIFD-------IPIEPVPTNEVNPPPTTVPVTTDYPGSYELELRFQKSGTAKSVTSTYSETLNKLYCQLAKTSPIEVRVSKEPPKGAILRATAVYKKTEHVADVVRRCPHHQN----EDSVEHRSHLIRVEGSQLAQYFEDPYTKRQSVTVPYEPPQPGSEMTTILLSYMCNSSCMGGMNRRPILTILTLET-EGLVLGRRCFEVRICACPGRDRKTEEESRQKTQP-----K-------KRKVTPNTS----S-SKRKKSHSSGEEEDNREVFHFEVYGRERYEFLKKINDGLELLEKESKSKN----------------KDSGMVPSSGKKLKSN--------",
    },
    Object {
      "id": "sp|O12946|P53_PLAFE",
      "seq": "MMDEQGLDGMQILPGSQDSFSELWASVQTPSIATI---------AEEF-------------DD---H---LGNLLQNGFDMNLFE-------LPPEMVAKDSVTPPSSTVPVVTDYPGEYGFQLRFQKSGTAKSVTSTFSELLKKLYCQLAKTSPVEVLLSKEPPQGAVLRATAVYKKTEHVADVVRRCPHHQT----EDTAEHRSHLIRLEGSQRALYFEDPHTKRQSVTVPYEPPQLGSETTAILLSFMCNSSCMGGMNRRQILTILTLETPDGLVLGRRCFEVRVCACPGRDRKTDEESSTKTPNGPKQTK-------KRKQAPSNSAPHTT-TVMKSKSSSSAEEEDKEVFTVLVKGRERYEIIKKINEAFEGAAEKEKAKN------------KVAVKQELPVPSSGKRLVQRGERSDSD-",
    },
    Object {
      "id": "sp|Q9TUB2|P53_PIG",
      "seq": "MEESQSELGVEP-PLSQETFSDLWKLLPENNLLSSELS-LAAVNDLLLSP--VTNWLDE--NPDDAS---RVPAPPAATAPAP------------AAPAPATSWPLSSFVPSQKTYPGSYDFRLGFLHSGTAKSVTCTYSPALNKLFCQLAKTCPVQLWVSSPPPPGTRVRAMAIYKKSEYMTEVVRRCPHHERSSDYSDGLAPPQHLIRVEGNLRAEYLDDRNTFRHSVVVPYEPPEVGSDCTTIHYNFMCNSSCMGGMNRRPILTIITLEDASGNLLGRNSFEVRVCACPGRDRRTEEENFLKKGQSCPEPP---PGSTKRALPT--STS--SSPV-QK-----KKPLDGEYFTLQIRGRERFEMFRELNDALELKDAQTARESGENRAHSSHL-----KSKKGQSPSRHKKPMFKREGPDSD-",
    },
    Object {
      "id": "sp|Q95330|P53_RABIT",
      "seq": "MEESQSDLSLEP-PLSQETFSDLWKLLPENNLLTTSLN-PPV--DDLLSAEDVANWLNE--DPEEGL---RVPAAPAPEAPAPAA-------PALAAPAPATSWPLSSSVPSQKTYHGNYGFRLGFLHSGTAKSVTCTYSPCLNKLFCQLAKTCPVQLWVDSTPPPGTRVRAMAIYKKSQHMTEVVRRCPHHERCSD-SDGLAPPQHLIRVEGNLRAEYLDDRNTFRHSVVVPYEPPEVGSDCTTIHYNYMCNSSCMGGMNRRPILTIITLEDSSGNLLGRNSFEVRVCACPGRDRRTEEENFRKKGEPCPELP---PGSSKRALPT--TTTD-SSPQ-TK-----KKPLDGEYFILKIRGRERFEMFRELNEALELKDAQAEKEPGGSRAHSSYL-----KAKKGQSTSRHKKPMFKREGPDSD-",
    },
    Object {
      "id": "sp|P10361|P53_RAT",
      "seq": "MEDSQSDMSIEL-PLSQETFSCLWKLLPPDDILPTTATGSPNSMEDLFLPQDVAELLEG---PEEAL---QVS-APAAQEPGTEA-------PAPVAPASATPWPLSSSVPSQKTYQGNYGFHLGFLQSGTAKSVMCTYSISLNKLFCQLAKTCPVQLWVTSTPPPGTRVRAMAIYKKSQHMTEVVRRCPHHERCSD-GDGLAPPQHLIRVEGNPYAEYLDDRQTFRHSVVVPYEPPEVGSDYTTIHYKYMCNSSCMGGMNRRPILTIITLEDSSGNLLGRDSFEVRVCACPGRDRRTEEENFRKKEEHCPELP---PGSAKRALPT--STS--SSPQ-QK-----KKPLDGEYFTLKIRGRERFEMFRELNEALELKDARAAEESGDSRAHSSYP-----KTKKGQSTSRHKKPMIKKVGPDSD-",
    },
    Object {
      "id": "sp|P51664|P53_SHEEP",
      "seq": "MEESQAELGVEP-PLSQETFSDLWNLLPENNLLSSELS-AP-VDDLLPYSEDVVTWLDE--CPNEAP---QMPEPPAQA-----------------ALAPATSWPLSSFVPSQKTYPGNYGFRLGFLHSGTAKSVTCTYSPSLNKLFCQLAKTCPVQLWVDSPPPPGTRVRAMAIYKKLEHMTEVVRRSPHHERSSDYSDGLAPPQHLIRVEGNLRAEYFDDRNTFRHSVVVPYESPEIESECTTIHYNFMCNSSCMGGMNRRPILTIITLEDSRGNLLGRSSFEVRVCACPGRDRRTEEENFRKKGQSCPEPP---PGSTKRALPS--STS--SSPQ-QK-----KKPLDGEYFTLQIRGRKRFEMFRELNEALELMDAQAGREPGESRAHSSHL-----KSKKGPSPSCHKKPMLKREGPDSD-",
    },
    Object {
      "id": "sp|Q9W679|P53_TETMU",
      "seq": "-ME----EENISLPLSQDTFQDLWDNVSAPPISTI---------QTAAL--ENEAWPAERQMN---M---MCNFMDSTFNEALFN-------LLPEPPSRDGANSSSPTVPVTTDYPGEYGFKLRFQKSGTAKSVTSTYSEILNKLYCQLAKTSLVEVLLGKDPPMGAVLRATAIYKKTEHVAEVVRRCPHHQN----EDSAEHRSHLIRMEGSERAQYFEHPHTKRQSVTVPYEPPQLGSEFTTILLSFMCNSSCMGGMNRRPILTILTLETQEGIVLGRRCFEVRVCACPGRDRKTEETNSTKMQNDAKDAK-------KRKSVP---TPDST-TIKKSKTASSAEEDNNEVYTLQIRGRKRYEMLKKINDGLDLLENKP--KS------------KATHRPDGPIPPSGKRLLHRGEKSDSD-",
    },
    Object {
      "id": "sp|Q64662|P53_SPEBE",
      "seq": "---------------------DLWNLLPENNVLSPVLS-PPM-DDLLLSSEDVENWFDK--GPDEAL---QMSAAPAPKAPTPAA-------STLAAPTPAISWPLSSSVPSQNTYPGVYGFRLGFIHSGTAKSVTCTYSPSLNKLFCQLAKTCPVQLWVDSTPPPGTRVRAMAIYKKSQHMTEVVRRCPHHERCSD-SDGLAPPQHLIRVEGNLRAEYLDDRNTFRHSVVVPYEPPEVGSESTTIHYNYMCNSSCMGGMNRRPILTIITLEDSSGNLLGRNSFEVRVCACPGRDRRTEEENFRKRGEPCPEPP---PGSTKRALPT--GTN--SSPQ-PK-----KKPLDGEYFTLKIRGRA---------------------------------------------------------------",
    },
    Object {
      "id": "sp|Q9TTA1|P53_TUPBE",
      "seq": "MEEPQSDPSVEP-PLSQETFSDLWKLLPENNVLSPLPS-QA-MDDLMLSPDDIEQWFTEDPGPDEAP---RMPEAAPPVAPAPAA-------PTPAAPAPAPSWPLSSSVPSQKTYQGSYGFRLGFLHSGTAKSVTCTYSPDLNKLFCQLAKTCPVQLWVDSAPPPGTRVRAMAIYKQSQYVTEVVRRCPHHERCSD-SDGLAPPQHLIRVEGNLHAEYSDDRNTFRHSVVVPYEPPEVGSDCTTIHYNYMCNSSCMGGMNRRPILTIITLEDSSGKLLGRNSFEVRICACPGRDRRTEEENFRKKGESCPKLP---TGSIKRALPT--GSS--SSPQ-PK-----KKPLDEEYFTLQIRGRERFEMLREINEALELKDAMAGKESAGSRAHSSHL-----KSKKGQSTSRHRKLMFKTEGPDSD-",
    },
    Object {
      "id": "sp|P07193|P53_XENLA",
      "seq": "-MEPSSETGMDP-PLSQETFEDLWSLLPDPLQTVTCR------------LDNLSEFPDY------PL-AADMT-----------V-------LQEGLMGNAVPTVTSCAVPSTDDYAGKYGLQLDFQQNGTAKSVTCTYSPELNKLFCQLAKTCPLLVRVESPPPRGSILRATAVYKKSEHVAEVVKRCPHHERSVEPGEDAAPPSHLMRVEGNLQAYYMEDVNSGRHSVCVPYEGPQVGTECTTVLYNYMCNSSCMGGMNRRPILTIITLETPQGLLLGRRCFEVRVCACPGRDRRTEEDNYTKKRGLKPSG--------KRELAH--PPS--SEPPLPK-KRLVVVDDDEEIFTLRIKGRSRYEMIKKLNDALELQESLDQQK--------VTIKCR--KCRDEIKPKKGKKLLVKDEQPDSE-",
    },
    Object {
      "id": "sp|Q92143|P53_XIPMA",
      "seq": "-ME----EADLTLPLSQDTFHDLWNNVFLSTEN--------------------ESLPPPE--G---L---LSQ------NMDFWE--------DPETMQETKNVPTAPTVPAISNYAGEHGFNLEFNDSGTAKSVTSTYSVKLGKLFCQLAKTTPIGVLVKEEPPQGAVIRATAVYKKTEHVGEVVKRCPHHQS----EDLSDNKSHLIRVEGSQLAQYFEDPNTRRHSVTVPYERPQLGSEMTTILLSFMCNSSCMGGMNRRPILTILTLETTEGEVLGRRCFEVRVCACPGRDRKTEEGNLEK--SGTKQTK-------KRKSAP---APDTS-TAKKSKSASSGEDEDKEIYTLSIRGRNRYLWFKSLNDGLELMDKTG-----------------PKIKQEIPAPSSGKRLLKGGSDSD---",
    },
    Object {
      "id": "sp|O57538|P53_XIPHE",
      "seq": "-ME----EADLTLPLSQDTFHDLWNNVFLSTEN--------------------ESLAPPE--G---L---LSQ------NMDFWE--------DPETMQETKNVPTAPTVPAISNYAGEHGFNLEFNDSGTAKSVTSTYSVKLGKLFCQLAKTTPIGVLVKEEPPQGAVIRATSVYKKTEHVGEVVKRCPHHQS----EDLSDNKSHLIRVEGSQLAQYFEDPNTRRHSVTVPYERPQLGSEMTTILLSFMCNSSCMGGMNRRPILTILTLETTEGEVLGRRCFEVRVCACPGRDRKTEEGNLEK--SGTKQTK-------KRKSAP---APDTS-TAKKSKSASSGEDEDKEIYTLSIRGRNRYLWFKSLNDGLELMDKTG-----------------PKIKQEIPAPSSGKRLLKGGSDSD---",
    },
  ],
  "consensus": "                                                                                                                                          :*  * *::*:***   : : :   **  : :** ::**: . : :**:*.***:      :      **:*:**.    * :.  .  :** **** *:  :: *::  .:************* *:**::**   * :***  ****:********: :* .  *                **                           : * :                                                                       ",
  "header": Object {
    "info": "CLUSTAL O(1.2.1) multiple sequence alignment",
    "version": "1.2.1",
  },
}
`;

exports[`a smaller clustal 1`] = `
Object {
  "alns": Array [
    Object {
      "id": "sp|P69905|HBA_HUMAN",
      "seq": "MVLSPADKTNVKAAWGKVGAHAGEYGAEALERMFLSFPTTKTYFPHFDLSHGSAQVKGHGKKVADALTNAVAHVDDMPNALSALSDLHAHKLRVDPVNFKLLSHCLLVTLAAHLPAEFTPAVHASLDKFLASVSTVLTSKYR",
    },
    Object {
      "id": "sp|P01942|HBA_MOUSE",
      "seq": "MVLSGEDKSNIKAAWGKIGGHGAEYGAEALERMFASFPTTKTYFPHFDVSHGSAQVKGHGKKVADALASAAGHLDDLPGALSALSDLHAHKLRVDPVNFKLLSHCLLVTLASHHPADFTPAVHASLDKFLASVSTVLTSKYR",
    },
    Object {
      "id": "sp|P13786|HBAZ_CAPHI",
      "seq": "MSLTRTERTIILSLWSKISTQADVIGTETLERLFSCYPQAKTYFPHFDLHSGSAQLRAHGSKVVAAVGDAVKSIDNVTSALSKLSELHAYVLRVDPVNFKFLSHCLLVTLASHFPADFTADAHAAWDKFLSIVSGVLTEKYR",
    },
  ],
  "consensus": "* *:  ::: : : *.*:. :.   *:*:***:* .:* :********:  ****::.**.**. *: .*.  :*:: .*** **:***: *********:**********:* **:**  .**: ****: ** ***.***",
  "header": Object {
    "info": "CLUSTAL O(1.2.4) multiple sequence alignment",
    "version": "1.2.4",
  },
}
`;
